// Jest Snapshot v1, https://goo.gl/fbAQLP

exports[`Title component should render Title component 1`] = `
<div>
  <h1
    class="title"
  >
    <span>
      netflix
    </span>
    <span>
      roulette
    </span>
  </h1>
</div>
`;
