// Jest Snapshot v1, https://goo.gl/fbAQLP

exports[`Select component should render Select component 1`] = `
<div>
  <div
    class="select-input"
  >
    <span
      class="label"
    >
      text_label
    </span>
    <div
      class="select-input__box"
    >
      <div
        class="expanded-list"
      >
        <span
          class="expanded-list__icon"
        >
          <svg
            fill="none"
            height="7"
            role="img"
            viewBox="0 0 10 7"
            width="10"
          >
            <path
              clip-rule="evenodd"
              d="M1.17339 0C0.319169 0 -0.141788 1.00184 0.413939 1.65057L4.23746 6.11398C4.63642 6.57971 5.35674 6.57992 5.75597 6.11442L9.58401 1.65101C10.1403 1.0024 9.67943 0 8.82494 0H1.17339Z"
              fill="#F65261"
              fill-rule="evenodd"
            />
          </svg>
        </span>
      </div>
    </div>
  </div>
</div>
`;
