// Jest Snapshot v1, https://goo.gl/fbAQLP

exports[`Filter component should render Filter component with opened filters  1`] = `
<div>
  <div
    class="filter"
  >
    <span
      class="filter__status"
    >
      sort by
    </span>
    <span
      class="filter__options"
    >
      Release date
      <svg
        fill="none"
        height="7"
        role="img"
        viewBox="0 0 10 7"
        width="10"
      >
        <path
          clip-rule="evenodd"
          d="M1.17339 0C0.319169 0 -0.141788 1.00184 0.413939 1.65057L4.23746 6.11398C4.63642 6.57971 5.35674 6.57992 5.75597 6.11442L9.58401 1.65101C10.1403 1.0024 9.67943 0 8.82494 0H1.17339Z"
          fill="#F65261"
          fill-rule="evenodd"
        />
      </svg>
    </span>
    <div
      class="filter__expanded-list"
    >
      <div
        class="filter__option"
      >
        Release date
      </div>
      <div
        class="filter__option"
      >
        Genre
      </div>
      <div
        class="filter__option"
      >
        Rating
      </div>
    </div>
  </div>
</div>
`;
